// Jest Snapshot v1, https://goo.gl/fbAQLP

exports[`renders correctly 1`] = `
<View
  style={
    Object {
      "alignItems": "center",
    }
  }
>
  <Text
    style={
      Array [
        Object {
          "color": "#000000",
          "fontFamily": "System",
          "fontWeight": "400",
        },
        Object {
          "textAlign": "left",
        },
        Array [
          Object {
            "textAlign": "left",
          },
          Object {
            "color": "rgba(0, 0, 0, 0.87)",
            "fontFamily": "System",
            "fontWeight": "500",
            "writingDirection": "ltr",
          },
          Array [
            Object {
              "fontSize": 20,
              "letterSpacing": 0.15,
              "lineHeight": 30,
              "marginVertical": 2,
            },
            undefined,
          ],
        ],
      ]
    }
  >
    Oopsie there seems to be some error try again !
  </Text>
  <View
    style={
      Array [
        Object {
          "backgroundColor": "#6200ee",
          "borderRadius": 40,
          "height": 80,
          "width": 80,
        },
        undefined,
      ]
    }
  >
    <Image
      source={
        Object {
          "uri": "https://previews.123rf.com/images/rawpixel/rawpixel1810/rawpixel181022962/111300343-red-wrong-cross-icon-isolated.jpgNPM RU",
        }
      }
      style={
        Object {
          "borderRadius": 40,
          "height": 80,
          "width": 80,
        }
      }
    />
  </View>
  <View
    style={
      Object {
        "backgroundColor": "#6200ee",
        "borderColor": "transparent",
        "borderRadius": 4,
        "borderStyle": "solid",
        "borderWidth": 0,
        "elevation": 2,
        "minWidth": 64,
        "shadowColor": "#000000",
        "shadowOffset": Object {
          "height": 0.75,
          "width": 0,
        },
        "shadowOpacity": 0.24,
        "shadowRadius": 1.5,
      }
    }
  >
    <View
      accessibilityRole="button"
      accessibilityState={
        Object {
          "disabled": undefined,
        }
      }
      accessible={true}
      focusable={true}
      onClick={[Function]}
      onResponderGrant={[Function]}
      onResponderMove={[Function]}
      onResponderRelease={[Function]}
      onResponderTerminate={[Function]}
      onResponderTerminationRequest={[Function]}
      onStartShouldSetResponder={[Function]}
      style={
        Array [
          Object {
            "overflow": "hidden",
          },
          Object {
            "borderRadius": 4,
          },
        ]
      }
    >
      <View
        style={
          Array [
            Object {
              "alignItems": "center",
              "flexDirection": "row",
              "justifyContent": "center",
            },
            undefined,
          ]
        }
      >
        <Text
          numberOfLines={1}
          selectable={false}
          style={
            Array [
              Object {
                "color": "#000000",
                "fontFamily": "System",
                "fontWeight": "400",
              },
              Object {
                "textAlign": "left",
              },
              Array [
                Object {
                  "letterSpacing": 1,
                  "marginHorizontal": 16,
                  "marginVertical": 9,
                  "textAlign": "center",
                },
                undefined,
                Object {
                  "textTransform": "uppercase",
                },
                Object {
                  "color": "#ffffff",
                  "fontFamily": "System",
                  "fontWeight": "500",
                },
                Object {
                  "fontFamily": "System",
                  "fontWeight": "500",
                },
                undefined,
              ],
            ]
          }
        >
          Start over
        </Text>
      </View>
    </View>
  </View>
</View>
`;
